../Core/Src/main.c:66:6:W25Q64_CS_LOW	8	static
../Core/Src/main.c:67:6:W25Q64_CS_HIGH	8	static
../Core/Src/main.c:69:6:W25Q64_WriteEnable	16	static
../Core/Src/main.c:76:6:W25Q64_WaitBusy	16	static
../Core/Src/main.c:88:6:W25Q64_PageProgram	32	static
../Core/Src/main.c:103:6:W25Q64_ReadData	32	static
../Core/Src/main.c:117:6:W25Q_Delay	16	static
../Core/Src/main.c:122:6:csLOW	8	static
../Core/Src/main.c:127:6:csHIGH	8	static
../Core/Src/main.c:132:6:SPI_Write	16	static
../Core/Src/main.c:137:6:SPI_Read	16	static
../Core/Src/main.c:142:6:W25Q_Reset	16	static
../Core/Src/main.c:153:10:W25Q_ReadID	16	static
../Core/Src/main.c:164:6:W25Q64_ReadID	24	static
../Core/Src/main.c:178:5:main	16	static
../Core/Src/main.c:244:6:SystemClock_Config	88	static
../Core/Src/main.c:290:13:MX_SPI3_Init	8	static
../Core/Src/main.c:328:13:MX_GPIO_Init	40	static
../Core/Src/main.c:363:6:Error_Handler	4	static,ignoring_inline_asm
