../Core/Src/main.c:66:6:W25Q64_CS_LOW	1
../Core/Src/main.c:67:6:W25Q64_CS_HIGH	1
../Core/Src/main.c:69:6:W25Q64_WriteEnable	1
../Core/Src/main.c:76:6:W25Q64_WaitBusy	2
../Core/Src/main.c:88:6:W25Q64_PageProgram	1
../Core/Src/main.c:103:6:W25Q64_ReadData	1
../Core/Src/main.c:117:6:W25Q_Delay	1
../Core/Src/main.c:122:6:csLOW	1
../Core/Src/main.c:127:6:csHIGH	1
../Core/Src/main.c:132:6:SPI_Write	1
../Core/Src/main.c:137:6:SPI_Read	1
../Core/Src/main.c:142:6:W25Q_Reset	1
../Core/Src/main.c:153:10:W25Q_ReadID	1
../Core/Src/main.c:164:6:W25Q64_ReadID	1
../Core/Src/main.c:178:5:main	2
../Core/Src/main.c:247:6:SystemClock_Config	3
../Core/Src/main.c:293:13:MX_SPI3_Init	2
../Core/Src/main.c:331:13:MX_GPIO_Init	1
../Core/Src/main.c:366:6:Error_Handler	1
