../Core/Src/main.c:63:6:W25Q_Delay	16	static
../Core/Src/main.c:68:6:csLOW	8	static
../Core/Src/main.c:73:6:csHIGH	8	static
../Core/Src/main.c:78:6:SPI_Write	16	static
../Core/Src/main.c:83:6:SPI_Read	16	static
../Core/Src/main.c:88:6:W25Q_Reset	16	static
../Core/Src/main.c:99:10:W25Q_ReadID	16	static
../Core/Src/main.c:110:6:W25Q64_ReadID	24	static
../Core/Src/main.c:124:5:main	8	static
../Core/Src/main.c:173:6:SystemClock_Config	88	static
../Core/Src/main.c:219:13:MX_SPI3_Init	8	static
../Core/Src/main.c:257:13:MX_GPIO_Init	40	static
../Core/Src/main.c:292:6:Error_Handler	4	static,ignoring_inline_asm
